// Vitest Snapshot v1, https://vitest.dev/guide/snapshot.html

exports[`simulation lab > matches baseline snapshots for all preset families and one sparse stressed run 1`] = `
[
  {
    "confidence": "medium",
    "evaluation": {
      "confidenceStepsLost": 0,
      "directionCorrectness": 1,
      "factorRankingStability": 1,
      "forecastCalibrationError": 0.3,
      "reminderFalsePositiveProxy": 0,
    },
    "negative": [
      "运动时长不足",
    ],
    "peakWindow": "周日 4/5 / 周三 4/1",
    "positive": [
      "运动时长",
    ],
    "riskWindow": "周二 4/7 / 周一 4/6",
    "run": {
      "overlay": "full_logger",
      "preset": "steady_healthy",
      "scenario": "baseline",
      "seed": 1001,
    },
    "state": "高峰前",
    "usableRates": {
      "alcohol": 3,
      "exercise": 46,
      "hardness": 99,
      "healthScore": 100,
      "masturbation": 42,
      "screenTime": 88,
      "sexLoad": 42,
      "sleep": 88,
      "stress": 96,
    },
  },
  {
    "confidence": "low",
    "evaluation": {
      "confidenceStepsLost": 0,
      "directionCorrectness": 1,
      "factorRankingStability": 1,
      "forecastCalibrationError": 0.37,
      "reminderFalsePositiveProxy": 0,
    },
    "negative": [],
    "peakWindow": "周日 4/5 / 周一 4/6",
    "positive": [],
    "riskWindow": "周五 4/3 / 周四 4/2",
    "run": {
      "overlay": "full_logger",
      "preset": "high_stress_sedentary",
      "scenario": "baseline",
      "seed": 1001,
    },
    "state": "风险偏高",
    "usableRates": {
      "alcohol": 12,
      "exercise": 3,
      "hardness": 41,
      "healthScore": 100,
      "masturbation": 27,
      "screenTime": 88,
      "sexLoad": 27,
      "sleep": 88,
      "stress": 96,
    },
  },
  {
    "confidence": "medium",
    "evaluation": {
      "confidenceStepsLost": 0,
      "directionCorrectness": 1,
      "factorRankingStability": 1,
      "forecastCalibrationError": 0.53,
      "reminderFalsePositiveProxy": 0.714,
    },
    "negative": [],
    "peakWindow": "周六 4/4 / 周日 4/5",
    "positive": [
      "压力等级",
    ],
    "riskWindow": "周四 4/2 / 周一 4/6",
    "run": {
      "overlay": "full_logger",
      "preset": "weekend_alcohol_wave",
      "scenario": "baseline",
      "seed": 1001,
    },
    "state": "稳定",
    "usableRates": {
      "alcohol": 51,
      "exercise": 22,
      "hardness": 99,
      "healthScore": 100,
      "masturbation": 42,
      "screenTime": 88,
      "sexLoad": 42,
      "sleep": 88,
      "stress": 96,
    },
  },
  {
    "confidence": "medium",
    "evaluation": {
      "confidenceStepsLost": 0,
      "directionCorrectness": 1,
      "factorRankingStability": 1,
      "forecastCalibrationError": 0.21,
      "reminderFalsePositiveProxy": 0,
    },
    "negative": [],
    "peakWindow": "周三 4/1 / 周五 4/3",
    "positive": [],
    "riskWindow": "周一 4/6 / 周二 4/7",
    "run": {
      "overlay": "full_logger",
      "preset": "exercise_responder",
      "scenario": "baseline",
      "seed": 1001,
    },
    "state": "高峰前",
    "usableRates": {
      "alcohol": 4,
      "exercise": 42,
      "hardness": 99,
      "healthScore": 100,
      "masturbation": 27,
      "screenTime": 88,
      "sexLoad": 27,
      "sleep": 88,
      "stress": 96,
    },
  },
  {
    "confidence": "medium",
    "evaluation": {
      "confidenceStepsLost": 0,
      "directionCorrectness": 1,
      "factorRankingStability": 1,
      "forecastCalibrationError": 0.51,
      "reminderFalsePositiveProxy": 1,
    },
    "negative": [
      "高饮酒量",
      "运动时长不足",
      "睡眠时长不足",
      "高性负荷",
    ],
    "peakWindow": "周六 4/4 / 周二 4/7",
    "positive": [
      "低饮酒量",
      "运动时长",
      "睡眠时长",
      "低性负荷",
    ],
    "riskWindow": "周四 4/2 / 周三 4/1",
    "run": {
      "overlay": "full_logger",
      "preset": "high_sexload_recovery",
      "scenario": "baseline",
      "seed": 1001,
    },
    "state": "稳定",
    "usableRates": {
      "alcohol": 16,
      "exercise": 29,
      "hardness": 99,
      "healthScore": 100,
      "masturbation": 0,
      "screenTime": 88,
      "sexLoad": 63,
      "sleep": 88,
      "stress": 96,
    },
  },
  {
    "confidence": "low",
    "evaluation": {
      "confidenceStepsLost": 0,
      "directionCorrectness": 0.5,
      "factorRankingStability": 1,
      "forecastCalibrationError": 0.3,
      "reminderFalsePositiveProxy": 0,
    },
    "negative": [],
    "peakWindow": "周日 4/5 / 周一 4/6",
    "positive": [],
    "riskWindow": "周五 4/3 / 周四 4/2",
    "run": {
      "overlay": "lifestyle_sparse",
      "preset": "high_stress_sedentary",
      "scenario": "high_stress_week",
      "seed": 1001,
    },
    "state": "风险偏高",
    "usableRates": {
      "alcohol": 6,
      "exercise": 1,
      "hardness": 29,
      "healthScore": 97,
      "masturbation": 17,
      "screenTime": 28,
      "sexLoad": 17,
      "sleep": 60,
      "stress": 80,
    },
  },
]
`;
